Solution steps: ['N', 'N', 'N', 'N', 'E', 'E', 'E', 'E']
Solution cost: 8
Number of states considered: 25

Frontier:

Closed List:
Pos=(0, 0) Moves=[] Cost=0
Pos=(0, 1) Moves=['N'] Cost=1
Pos=(1, 0) Moves=['E'] Cost=1
Pos=(0, 2) Moves=['N', 'N'] Cost=2
Pos=(1, 1) Moves=['N', 'E'] Cost=2
Pos=(2, 0) Moves=['E', 'E'] Cost=2
Pos=(0, 3) Moves=['N', 'N', 'N'] Cost=3
Pos=(1, 2) Moves=['N', 'N', 'E'] Cost=3
Pos=(2, 1) Moves=['N', 'E', 'E'] Cost=3
Pos=(3, 0) Moves=['E', 'E', 'E'] Cost=3
Pos=(0, 4) Moves=['N', 'N', 'N', 'N'] Cost=4
Pos=(1, 3) Moves=['N', 'N', 'N', 'E'] Cost=4
Pos=(2, 2) Moves=['N', 'N', 'E', 'E'] Cost=4
Pos=(3, 1) Moves=['N', 'E', 'E', 'E'] Cost=4
Pos=(4, 0) Moves=['E', 'E', 'E', 'E'] Cost=4
Pos=(1, 4) Moves=['N', 'N', 'N', 'N', 'E'] Cost=5
Pos=(2, 3) Moves=['N', 'N', 'N', 'E', 'E'] Cost=5
Pos=(3, 2) Moves=['N', 'N', 'E', 'E', 'E'] Cost=5
Pos=(4, 1) Moves=['N', 'E', 'E', 'E', 'E'] Cost=5
Pos=(2, 4) Moves=['N', 'N', 'N', 'N', 'E', 'E'] Cost=6
Pos=(3, 3) Moves=['N', 'N', 'N', 'E', 'E', 'E'] Cost=6
Pos=(4, 2) Moves=['N', 'N', 'E', 'E', 'E', 'E'] Cost=6
Pos=(3, 4) Moves=['N', 'N', 'N', 'N', 'E', 'E', 'E'] Cost=7
Pos=(4, 3) Moves=['N', 'N', 'N', 'E', 'E', 'E', 'E'] Cost=7
Pos=(4, 4) Moves=['N', 'N', 'N', 'N', 'E', 'E', 'E', 'E'] Cost=8
