rimmx:f
 bxqsq:f
  wknck:f
   wkna8:f
    bkxbq:f
     wkpos:f
      katri:b
       bkblk:f
        <nowin>
       bkblk:t
        hdchk:f
         spcop:f
          <won>
         spcop:t
          <nowin>
        hdchk:t
         <nowin>
      katri:n
       bkblk:f
        r2ar8:f
         dsopp:f
          simpl:f
           <nowin>
          simpl:t
           bkspr:f
            reskd:f
             reskr:f
              skach:f
               wkcti:f
                <nowin>
               wkcti:t
                <won>
              skach:t
               <nowin>
             reskr:t
              <nowin>
            reskd:t
             <nowin>
           bkspr:t
            <nowin>
         dsopp:t
          reskr:f
           <won>
          reskr:t
           <nowin>
        r2ar8:t
         <nowin>
       bkblk:t
        hdchk:f
         <won>
        hdchk:t
         <nowin>
      katri:w
       <won>
     wkpos:t
      katri:b
       bkblk:f
        <nowin>
       bkblk:t
        rxmsq:f
         <won>
        rxmsq:t
         qxmsq:f
          <nowin>
         qxmsq:t
          <won>
      katri:n
       rxmsq:f
        thrsk:f
         <won>
        thrsk:t
         dwipd:g
          dsopp:f
           <won>
          dsopp:t
           <nowin>
         dwipd:l
          <won>
       rxmsq:t
        qxmsq:f
         <nowin>
        qxmsq:t
         <won>
      katri:w
       <won>
    bkxbq:t
     <won>
   wkna8:t
    bknwy:f
     <nowin>
    bknwy:t
     r2ar8:f
      simpl:f
       <won>
      simpl:t
       <nowin>
     r2ar8:t
      <nowin>
  wknck:t
   wkovl:f
    bkxcr:f
     mulch:f
      skrxp:f
       bkona:f
        thrsk:f
         bkon8:f
          blxwp:f
           reskr:f
            skach:f
             <won>
            skach:t
             <nowin>
           reskr:t
            <nowin>
          blxwp:t
           <nowin>
         bkon8:t
          <nowin>
        thrsk:t
         <nowin>
       bkona:t
        <nowin>
      skrxp:t
       <nowin>
     mulch:t
      <nowin>
    bkxcr:t
     <nowin>
   wkovl:t
    bknwy:f
     <nowin>
    bknwy:t
     mulch:f
      <won>
     mulch:t
      <nowin>
 bxqsq:t
  <nowin>
rimmx:t
 <won>

637 of 640 (99.53%) of testing examples correctly identified
