['or', 'a', 'c']
['or', 'a', 'b']
wet ground
False
False
[]
